// Jest Snapshot v1, https://goo.gl/fbAQLP

exports[`<SeachContainer /> test should render and match the snapshot 1`] = `
.c0 {
  max-width: 85%;
  margin: 1rem auto;
  padding: 0.5rem;
}

.c1.c1 {
  padding: 0.1rem;
  margin: 1rem 0;
  background-color: #f8f8f8;
}

.c2.c2 {
  padding: 0.5rem 1rem;
  font-size: 1.3rem;
  color: #020826;
}

<body>
  <div>
    <div
      class="c0"
    >
      <div
        class="ant-card ant-card-bordered c1"
      >
        <div
          class="ant-card-body"
        >
          <input
            class="ant-input c2"
            data-testid="search-input"
            placeholder="Enter name of a song or an artist"
            type="text"
            value=""
          />
        </div>
      </div>
    </div>
  </div>
</body>
`;
