// Jest Snapshot v1, https://goo.gl/fbAQLP

exports[`<TrackDetails /> tests should render and match the snapshot 1`] = `
.c5 {
  white-space: pre-line;
}

.c15 {
  max-width: 100%;
  margin: auto;
  border: 1px solid red;
  margin: 0.5rem auto;
  border-radius: 10px;
  background-color: #f5f5f5;
}

.c7.c7 {
  background-color: #f7f0e9;
  border: none;
  border-radius: 10px;
  box-shadow: 0 0 10px rgba(2,2,2,0.4);
  cursor: pointer;
  -webkit-transition: -webkit-transform 300ms ease-in-out;
  -webkit-transition: transform 300ms ease-in-out;
  transition: transform 300ms ease-in-out;
}

.c7:hover {
  background-color: #b59862;
  -webkit-transform: scale(1.025);
  -ms-transform: scale(1.025);
  transform: scale(1.025);
}

.c8 {
  font-size: 1.2rem;
  color: #020826;
}

.c13 {
  margin: 0.7rem 0;
  text-align: justified;
  font-family: monospace;
  font-weight: 400;
}

.c14 {
  font-weight: bold;
}

.c12 {
  font-family: Monospace;
  font-size: 0.9em;
  padding: 0.2rem 0.4rem;
  color: #f8f8f8;
  background-color: #111;
  border-radius: 5px;
}

.c9 {
  display: -webkit-box;
  display: -webkit-flex;
  display: -ms-flexbox;
  display: flex;
  -webkit-flex-direction: row;
  -ms-flex-direction: row;
  flex-direction: row;
  gap: 0.6rem;
  -webkit-align-items: center;
  -webkit-box-align: center;
  -ms-flex-align: center;
  align-items: center;
  height: 175px;
  overflow: hidden;
}

.c11 {
  color: #020826;
  padding-inline: 0.2rem;
}

.c10 {
  border-radius: 5%;
  width: 150px;
  height: 150px;
}

.c0 {
  padding: 1rem;
  border: 1px solid #111;
  border-radius: 10px;
  max-width: 85%;
  margin: 1rem auto;
  box-shadow: 0 0 5px rgba(2,2,2,0.2);
}

.c1 {
  font-size: 1.7rem;
  font-weight: 600;
  color: #b59862;
  margin: 0.5rem 0;
}

.c4 {
  font-weight: bold;
  font-family: sans-serif;
  margin-top: 0.75rem;
}

.c2 {
  display: -webkit-box;
  display: -webkit-flex;
  display: -ms-flexbox;
  display: flex;
  -webkit-flex-direction: row;
  -ms-flex-direction: row;
  flex-direction: row;
  gap: 1rem;
}

.c3 {
  padding: 1rem;
  width: 30%;
  border: 3px solid #b59862;
  border-radius: 10px;
  display: -webkit-box;
  display: -webkit-flex;
  display: -ms-flexbox;
  display: flex;
  -webkit-flex-direction: column;
  -ms-flex-direction: column;
  flex-direction: column;
  -webkit-box-pack: center;
  -webkit-justify-content: center;
  -ms-flex-pack: center;
  justify-content: center;
  box-shadow: 0 0 2px #222;
}

.c6 {
  width: 70%;
}

@media (max-width:1000px) {
  .c2 {
    -webkit-flex-wrap: wrap;
    -ms-flex-wrap: wrap;
    flex-wrap: wrap;
  }
}

@media (max-width:1000px) {
  .c3 {
    width: 100%;
  }
}

@media (max-width:1000px) {
  .c6 {
    width: 100%;
  }
}

<body>
  <div>
    <div
      class="c0"
    >
      <a
        href="/"
      >
        Back to Search
      </a>
      <h1
        class="c1"
      >
        Francis Lawrence
      </h1>
      <div
        class="c2"
      >
        <div
          class="c3"
        >
          <p
            class="c4"
          >
            Collection:  
          </p>
           
          <span
            class="c5"
            data-testid="text"
          >
            Sam Claflin: 4-Film Collection
          </span>
          <p
            class="c4"
          >
            Track Name:  
          </p>
           
          <span
            class="c5"
            data-testid="text"
          >
            The Hunger Games: Catching Fire
          </span>
        </div>
        <div
          class="c6"
        >
          <div
            class="ant-card ant-card-bordered c7"
            data-testid="music-card"
          >
            <div
              class="ant-card-body"
            >
              <h2
                class="c8"
              >
                The Hunger Games: Catching Fire
              </h2>
              <div
                class="c9"
              >
                <img
                  alt="album art"
                  class="c10"
                />
                <div
                  class="c11"
                >
                  <span
                    class="c12"
                  >
                    Explicit Content
                  </span>
                  <p
                    class="c13"
                  >
                    Francis Lawrence
                  </p>
                  <p
                    class="c13"
                  >
                    Price
                    :
                     
                    <span
                      class="c14"
                    >
                       
                    </span>
                  </p>
                </div>
              </div>
              <div
                class="c15"
              >
                <audio
                  controls=""
                  id="741296001"
                >
                  <source
                    type="audio/mp3"
                  />
                  Your browser does not support audio tags
                </audio>
              </div>
            </div>
          </div>
        </div>
      </div>
    </div>
  </div>
</body>
`;
